------------------------------------------------------------
TimeQuest Timing Analyzer Summary
------------------------------------------------------------

Type  : Slow Model Setup 'GameBoard1:inst6|vga_controllerz:vgaSync_instance|clkdiv'
Slack : -2.196
TNS   : -35.464

Type  : Slow Model Setup 'keyboard:inst|psclk:inst2|Dreg:reg1|Q'
Slack : -1.267
TNS   : -11.987

Type  : Slow Model Setup 'clk'
Slack : -0.975
TNS   : -5.769

Type  : Slow Model Setup 'keyboard:inst|clkDiv:inst|temp'
Slack : 0.508
TNS   : 0.000

Type  : Slow Model Hold 'clk'
Slack : -2.549
TNS   : -5.098

Type  : Slow Model Hold 'keyboard:inst|clkDiv:inst|temp'
Slack : -0.238
TNS   : -0.238

Type  : Slow Model Hold 'keyboard:inst|psclk:inst2|Dreg:reg1|Q'
Slack : 0.391
TNS   : 0.000

Type  : Slow Model Hold 'GameBoard1:inst6|vga_controllerz:vgaSync_instance|clkdiv'
Slack : 0.795
TNS   : 0.000

Type  : Slow Model Minimum Pulse Width 'clk'
Slack : -1.380
TNS   : -11.380

Type  : Slow Model Minimum Pulse Width 'GameBoard1:inst6|vga_controllerz:vgaSync_instance|clkdiv'
Slack : -0.500
TNS   : -22.000

Type  : Slow Model Minimum Pulse Width 'keyboard:inst|psclk:inst2|Dreg:reg1|Q'
Slack : -0.500
TNS   : -21.000

Type  : Slow Model Minimum Pulse Width 'keyboard:inst|clkDiv:inst|temp'
Slack : -0.500
TNS   : -2.000

Type  : Fast Model Setup 'GameBoard1:inst6|vga_controllerz:vgaSync_instance|clkdiv'
Slack : -0.533
TNS   : -6.512

Type  : Fast Model Setup 'keyboard:inst|psclk:inst2|Dreg:reg1|Q'
Slack : -0.119
TNS   : -0.952

Type  : Fast Model Setup 'clk'
Slack : 0.096
TNS   : 0.000

Type  : Fast Model Setup 'keyboard:inst|clkDiv:inst|temp'
Slack : 0.587
TNS   : 0.000

Type  : Fast Model Hold 'clk'
Slack : -1.592
TNS   : -3.184

Type  : Fast Model Hold 'keyboard:inst|clkDiv:inst|temp'
Slack : -0.207
TNS   : -0.207

Type  : Fast Model Hold 'keyboard:inst|psclk:inst2|Dreg:reg1|Q'
Slack : 0.215
TNS   : 0.000

Type  : Fast Model Hold 'GameBoard1:inst6|vga_controllerz:vgaSync_instance|clkdiv'
Slack : 0.355
TNS   : 0.000

Type  : Fast Model Minimum Pulse Width 'clk'
Slack : -1.380
TNS   : -11.380

Type  : Fast Model Minimum Pulse Width 'GameBoard1:inst6|vga_controllerz:vgaSync_instance|clkdiv'
Slack : -0.500
TNS   : -22.000

Type  : Fast Model Minimum Pulse Width 'keyboard:inst|psclk:inst2|Dreg:reg1|Q'
Slack : -0.500
TNS   : -21.000

Type  : Fast Model Minimum Pulse Width 'keyboard:inst|clkDiv:inst|temp'
Slack : -0.500
TNS   : -2.000

------------------------------------------------------------
