------------------------------------------------------------
TimeQuest Timing Analyzer Summary
------------------------------------------------------------

Type  : Slow Model Setup 'clk'
Slack : -6.900
TNS   : -1347.225

Type  : Slow Model Setup 'ISDU:Control|State.BR0'
Slack : -2.766
TNS   : -28.519

Type  : Slow Model Hold 'clk'
Slack : -0.819
TNS   : -1.425

Type  : Slow Model Hold 'ISDU:Control|State.BR0'
Slack : 0.323
TNS   : 0.000

Type  : Slow Model Minimum Pulse Width 'clk'
Slack : -1.380
TNS   : -259.380

Type  : Slow Model Minimum Pulse Width 'ISDU:Control|State.BR0'
Slack : 0.500
TNS   : 0.000

Type  : Fast Model Setup 'clk'
Slack : -2.433
TNS   : -449.908

Type  : Fast Model Setup 'ISDU:Control|State.BR0'
Slack : -0.819
TNS   : -6.669

Type  : Fast Model Hold 'clk'
Slack : -0.455
TNS   : -2.237

Type  : Fast Model Hold 'ISDU:Control|State.BR0'
Slack : 0.352
TNS   : 0.000

Type  : Fast Model Minimum Pulse Width 'clk'
Slack : -1.380
TNS   : -259.380

Type  : Fast Model Minimum Pulse Width 'ISDU:Control|State.BR0'
Slack : 0.500
TNS   : 0.000

------------------------------------------------------------
